[0.007s] Invoking command in '/home/dcbothra2204/arm_manip/build/ur_description': /usr/bin/cmake /home/dcbothra2204/arm_manip/src/ur_description -DCMAKE_INSTALL_PREFIX=/home/dcbothra2204/arm_manip/install/ur_description
[0.017s] -- Found ament_cmake: 1.3.10 (/opt/ros/humble/share/ament_cmake/cmake)
[0.142s] Error parsing '/home/dcbothra2204/arm_manip/src/ur_description/package.xml':
[0.178s] Traceback (most recent call last):
[0.178s]   File "/usr/lib/python3/dist-packages/catkin_pkg/package.py", line 610, in parse_package_string
[0.179s]     root = dom.parseString(data)
[0.179s]   File "/usr/lib/python3.10/xml/dom/minidom.py", line 2000, in parseString
[0.180s]     return expatbuilder.parseString(string)
[0.180s]   File "/usr/lib/python3.10/xml/dom/expatbuilder.py", line 925, in parseString
[0.180s]     return builder.parseString(string)
[0.180s]   File "/usr/lib/python3.10/xml/dom/expatbuilder.py", line 223, in parseString
[0.180s]     parser.Parse(string, True)
[0.180s] xml.parsers.expat.ExpatError: XML or text declaration not at start of entity: line 3, column 0
[0.180s] 
[0.180s] During handling of the above exception, another exception occurred:
[0.180s] 
[0.180s] Traceback (most recent call last):
[0.180s]   File "/opt/ros/humble/share/ament_cmake_core/cmake/core/package_xml_2_cmake.py", line 150, in <module>
[0.180s]     main()
[0.180s]   File "/opt/ros/humble/share/ament_cmake_core/cmake/core/package_xml_2_cmake.py", line 53, in main
[0.180s]     raise e
[0.180s]   File "/opt/ros/humble/share/ament_cmake_core/cmake/core/package_xml_2_cmake.py", line 49, in main
[0.180s]     package = parse_package_string(
[0.180s]   File "/usr/lib/python3/dist-packages/catkin_pkg/package.py", line 612, in parse_package_string
[0.180s]     raise InvalidPackage('The manifest contains invalid XML:\n%s' % ex, filename)
[0.180s] catkin_pkg.package.InvalidPackage: Error(s) in package '/home/dcbothra2204/arm_manip/src/ur_description/package.xml':
[0.181s] The manifest contains invalid XML:
[0.181s] XML or text declaration not at start of entity: line 3, column 0
[0.191s] [31mCMake Error at /opt/ros/humble/share/ament_cmake_core/cmake/core/ament_package_xml.cmake:95 (message):
[0.191s]   execute_process(/usr/bin/python3
[0.191s]   /opt/ros/humble/share/ament_cmake_core/cmake/core/package_xml_2_cmake.py
[0.192s]   /home/dcbothra2204/arm_manip/src/ur_description/package.xml
[0.192s]   /home/dcbothra2204/arm_manip/build/ur_description/ament_cmake_core/package.cmake)
[0.192s]   returned error code 1
[0.192s] Call Stack (most recent call first):
[0.192s]   /opt/ros/humble/share/ament_cmake_core/cmake/core/ament_package_xml.cmake:49 (_ament_package_xml)
[0.192s]   /opt/ros/humble/share/ament_cmake_core/cmake/core/ament_package.cmake:63 (ament_package_xml)
[0.192s]   CMakeLists.txt:20 (ament_package)
[0.192s] 
[0.192s] [0m
[0.192s] -- Configuring incomplete, errors occurred!
[0.192s] See also "/home/dcbothra2204/arm_manip/build/ur_description/CMakeFiles/CMakeOutput.log".
[0.194s] Invoked command in '/home/dcbothra2204/arm_manip/build/ur_description' returned '1': /usr/bin/cmake /home/dcbothra2204/arm_manip/src/ur_description -DCMAKE_INSTALL_PREFIX=/home/dcbothra2204/arm_manip/install/ur_description
