[0.000000] (-) TimerEvent: {}
[0.000209] (ur_description) JobQueued: {'identifier': 'ur_description', 'dependencies': OrderedDict()}
[0.000382] (ur_description) JobStarted: {'identifier': 'ur_description'}
[0.005740] (ur_description) JobProgress: {'identifier': 'ur_description', 'progress': 'cmake'}
[0.006171] (ur_description) Command: {'cmd': ['/usr/bin/cmake', '/home/dcbothra2204/arm_manip/src/ur_description', '-DCMAKE_INSTALL_PREFIX=/home/dcbothra2204/arm_manip/install/ur_description'], 'cwd': '/home/dcbothra2204/arm_manip/build/ur_description', 'env': OrderedDict([('LESSOPEN', '| /usr/bin/lesspipe %s'), ('LANGUAGE', 'en_IN:en'), ('USER', 'dcbothra2204'), ('XDG_SESSION_TYPE', 'wayland'), ('SHLVL', '1'), ('LD_LIBRARY_PATH', '/usr/lib/x86_64-linux-gnu/gazebo-11/plugins:/opt/ros/humble/opt/rviz_ogre_vendor/lib:/opt/ros/humble/lib/x86_64-linux-gnu:/opt/ros/humble/lib'), ('HOME', '/home/dcbothra2204'), ('DESKTOP_SESSION', 'ubuntu'), ('ROS_PYTHON_VERSION', '3'), ('GNOME_SHELL_SESSION_MODE', 'ubuntu'), ('GTK_MODULES', 'gail:atk-bridge'), ('DBUS_STARTER_BUS_TYPE', 'session'), ('SYSTEMD_EXEC_PID', '1661'), ('DBUS_SESSION_BUS_ADDRESS', 'unix:path=/run/user/1000/bus,guid=3dc10fb535b38411467a3fc268443daa'), ('COLORTERM', 'truecolor'), ('IM_CONFIG_PHASE', '1'), ('WAYLAND_DISPLAY', 'wayland-0'), ('COLCON_PREFIX_PATH', '/home/dcbothra2204/arm_manip/install'), ('ROS_DISTRO', 'humble'), ('LOGNAME', 'dcbothra2204'), ('_', '/usr/bin/colcon'), ('ROS_VERSION', '2'), ('XDG_SESSION_CLASS', 'user'), ('USERNAME', 'dcbothra2204'), ('TERM', 'xterm-256color'), ('GNOME_DESKTOP_SESSION_ID', 'this-is-deprecated'), ('ROS_LOCALHOST_ONLY', '0'), ('PATH', '/opt/ros/humble/bin:/home/dcbothra2204/.local/bin:/usr/local/sbin:/usr/local/bin:/usr/sbin:/usr/bin:/sbin:/bin:/usr/games:/usr/local/games:/snap/bin:/snap/bin'), ('SESSION_MANAGER', 'local/dcbothra2204-VivoBook-ASUSLaptop-X421EPY-X413EP:@/tmp/.ICE-unix/1661,unix/dcbothra2204-VivoBook-ASUSLaptop-X421EPY-X413EP:/tmp/.ICE-unix/1661'), ('XDG_MENU_PREFIX', 'gnome-'), ('GNOME_TERMINAL_SCREEN', '/org/gnome/Terminal/screen/a93ee19b_d277_41b1_b62f_735a7ba07e22'), ('GNOME_SETUP_DISPLAY', ':1'), ('XDG_RUNTIME_DIR', '/run/user/1000'), ('DISPLAY', ':0'), ('LANG', 'en_US.UTF-8'), ('XDG_CURRENT_DESKTOP', 'ubuntu:GNOME'), ('XMODIFIERS', '@im=ibus'), ('XDG_SESSION_DESKTOP', 'ubuntu'), ('XAUTHORITY', '/run/user/1000/.mutter-Xwaylandauth.CXWN72'), ('LS_COLORS', 'rs=0:di=01;34:ln=01;36:mh=00:pi=40;33:so=01;35:do=01;35:bd=40;33;01:cd=40;33;01:or=40;31;01:mi=00:su=37;41:sg=30;43:ca=30;41:tw=30;42:ow=34;42:st=37;44:ex=01;32:*.tar=01;31:*.tgz=01;31:*.arc=01;31:*.arj=01;31:*.taz=01;31:*.lha=01;31:*.lz4=01;31:*.lzh=01;31:*.lzma=01;31:*.tlz=01;31:*.txz=01;31:*.tzo=01;31:*.t7z=01;31:*.zip=01;31:*.z=01;31:*.dz=01;31:*.gz=01;31:*.lrz=01;31:*.lz=01;31:*.lzo=01;31:*.xz=01;31:*.zst=01;31:*.tzst=01;31:*.bz2=01;31:*.bz=01;31:*.tbz=01;31:*.tbz2=01;31:*.tz=01;31:*.deb=01;31:*.rpm=01;31:*.jar=01;31:*.war=01;31:*.ear=01;31:*.sar=01;31:*.rar=01;31:*.alz=01;31:*.ace=01;31:*.zoo=01;31:*.cpio=01;31:*.7z=01;31:*.rz=01;31:*.cab=01;31:*.wim=01;31:*.swm=01;31:*.dwm=01;31:*.esd=01;31:*.jpg=01;35:*.jpeg=01;35:*.mjpg=01;35:*.mjpeg=01;35:*.gif=01;35:*.bmp=01;35:*.pbm=01;35:*.pgm=01;35:*.ppm=01;35:*.tga=01;35:*.xbm=01;35:*.xpm=01;35:*.tif=01;35:*.tiff=01;35:*.png=01;35:*.svg=01;35:*.svgz=01;35:*.mng=01;35:*.pcx=01;35:*.mov=01;35:*.mpg=01;35:*.mpeg=01;35:*.m2v=01;35:*.mkv=01;35:*.webm=01;35:*.webp=01;35:*.ogm=01;35:*.mp4=01;35:*.m4v=01;35:*.mp4v=01;35:*.vob=01;35:*.qt=01;35:*.nuv=01;35:*.wmv=01;35:*.asf=01;35:*.rm=01;35:*.rmvb=01;35:*.flc=01;35:*.avi=01;35:*.fli=01;35:*.flv=01;35:*.gl=01;35:*.dl=01;35:*.xcf=01;35:*.xwd=01;35:*.yuv=01;35:*.cgm=01;35:*.emf=01;35:*.ogv=01;35:*.ogx=01;35:*.aac=00;36:*.au=00;36:*.flac=00;36:*.m4a=00;36:*.mid=00;36:*.midi=00;36:*.mka=00;36:*.mp3=00;36:*.mpc=00;36:*.ogg=00;36:*.ra=00;36:*.wav=00;36:*.oga=00;36:*.opus=00;36:*.spx=00;36:*.xspf=00;36:'), ('GNOME_TERMINAL_SERVICE', ':1.239'), ('SSH_AGENT_LAUNCHER', 'gnome-keyring'), ('SSH_AUTH_SOCK', '/run/user/1000/keyring/ssh'), ('AMENT_PREFIX_PATH', '/opt/ros/humble'), ('SHELL', '/bin/bash'), ('QT_ACCESSIBILITY', '1'), ('GDMSESSION', 'ubuntu'), ('LESSCLOSE', '/usr/bin/lesspipe %s %s'), ('QT_IM_MODULE', 'ibus'), ('PWD', '/home/dcbothra2204/arm_manip/build/ur_description'), ('LC_ALL', 'en_US.UTF-8'), ('XDG_CONFIG_DIRS', '/etc/xdg/xdg-ubuntu:/etc/xdg'), ('DBUS_STARTER_ADDRESS', 'unix:path=/run/user/1000/bus,guid=3dc10fb535b38411467a3fc268443daa'), ('XDG_DATA_DIRS', '/usr/share/ubuntu:/usr/local/share/:/usr/share/:/var/lib/snapd/desktop'), ('PYTHONPATH', '/opt/ros/humble/lib/python3.10/site-packages:/opt/ros/humble/local/lib/python3.10/dist-packages'), ('COLCON', '1'), ('VTE_VERSION', '6800')]), 'shell': False}
[0.017136] (ur_description) StdoutLine: {'line': b'-- Found ament_cmake: 1.3.10 (/opt/ros/humble/share/ament_cmake/cmake)\n'}
[0.099899] (-) TimerEvent: {}
[0.142494] (ur_description) StderrLine: {'line': b"Error parsing '/home/dcbothra2204/arm_manip/src/ur_description/package.xml':\n"}
[0.178577] (ur_description) StderrLine: {'line': b'Traceback (most recent call last):\n'}
[0.178794] (ur_description) StderrLine: {'line': b'  File "/usr/lib/python3/dist-packages/catkin_pkg/package.py", line 610, in parse_package_string\n'}
[0.178874] (ur_description) StderrLine: {'line': b'    root = dom.parseString(data)\n'}
[0.178922] (ur_description) StderrLine: {'line': b'  File "/usr/lib/python3.10/xml/dom/minidom.py", line 2000, in parseString\n'}
[0.179605] (ur_description) StderrLine: {'line': b'    return expatbuilder.parseString(string)\n'}
[0.179922] (ur_description) StderrLine: {'line': b'  File "/usr/lib/python3.10/xml/dom/expatbuilder.py", line 925, in parseString\n'}
[0.179987] (ur_description) StderrLine: {'line': b'    return builder.parseString(string)\n'}
[0.180039] (ur_description) StderrLine: {'line': b'  File "/usr/lib/python3.10/xml/dom/expatbuilder.py", line 223, in parseString\n'}
[0.180088] (ur_description) StderrLine: {'line': b'    parser.Parse(string, True)\n'}
[0.180128] (ur_description) StderrLine: {'line': b'xml.parsers.expat.ExpatError: XML or text declaration not at start of entity: line 3, column 0\n'}
[0.180167] (ur_description) StderrLine: {'line': b'\n'}
[0.180206] (ur_description) StderrLine: {'line': b'During handling of the above exception, another exception occurred:\n'}
[0.180246] (ur_description) StderrLine: {'line': b'\n'}
[0.180285] (ur_description) StderrLine: {'line': b'Traceback (most recent call last):\n'}
[0.180335] (ur_description) StderrLine: {'line': b'  File "/opt/ros/humble/share/ament_cmake_core/cmake/core/package_xml_2_cmake.py", line 150, in <module>\n'}
[0.180382] (ur_description) StderrLine: {'line': b'    main()\n'}
[0.180423] (ur_description) StderrLine: {'line': b'  File "/opt/ros/humble/share/ament_cmake_core/cmake/core/package_xml_2_cmake.py", line 53, in main\n'}
[0.180465] (ur_description) StderrLine: {'line': b'    raise e\n'}
[0.180507] (ur_description) StderrLine: {'line': b'  File "/opt/ros/humble/share/ament_cmake_core/cmake/core/package_xml_2_cmake.py", line 49, in main\n'}
[0.180549] (ur_description) StderrLine: {'line': b'    package = parse_package_string(\n'}
[0.180590] (ur_description) StderrLine: {'line': b'  File "/usr/lib/python3/dist-packages/catkin_pkg/package.py", line 612, in parse_package_string\n'}
[0.180631] (ur_description) StderrLine: {'line': b"    raise InvalidPackage('The manifest contains invalid XML:\\n%s' % ex, filename)\n"}
[0.180799] (ur_description) StderrLine: {'line': b"catkin_pkg.package.InvalidPackage: Error(s) in package '/home/dcbothra2204/arm_manip/src/ur_description/package.xml':\n"}
[0.180879] (ur_description) StderrLine: {'line': b'The manifest contains invalid XML:\n'}
[0.180923] (ur_description) StderrLine: {'line': b'XML or text declaration not at start of entity: line 3, column 0\n'}
[0.191565] (ur_description) StderrLine: {'line': b'\x1b[31mCMake Error at /opt/ros/humble/share/ament_cmake_core/cmake/core/ament_package_xml.cmake:95 (message):\n'}
[0.191776] (ur_description) StderrLine: {'line': b'  execute_process(/usr/bin/python3\n'}
[0.191827] (ur_description) StderrLine: {'line': b'  /opt/ros/humble/share/ament_cmake_core/cmake/core/package_xml_2_cmake.py\n'}
[0.191877] (ur_description) StderrLine: {'line': b'  /home/dcbothra2204/arm_manip/src/ur_description/package.xml\n'}
[0.191920] (ur_description) StderrLine: {'line': b'  /home/dcbothra2204/arm_manip/build/ur_description/ament_cmake_core/package.cmake)\n'}
[0.191961] (ur_description) StderrLine: {'line': b'  returned error code 1\n'}
[0.192002] (ur_description) StderrLine: {'line': b'Call Stack (most recent call first):\n'}
[0.192041] (ur_description) StderrLine: {'line': b'  /opt/ros/humble/share/ament_cmake_core/cmake/core/ament_package_xml.cmake:49 (_ament_package_xml)\n'}
[0.192080] (ur_description) StderrLine: {'line': b'  /opt/ros/humble/share/ament_cmake_core/cmake/core/ament_package.cmake:63 (ament_package_xml)\n'}
[0.192115] (ur_description) StderrLine: {'line': b'  CMakeLists.txt:20 (ament_package)\n'}
[0.192149] (ur_description) StderrLine: {'line': b'\n'}
[0.192184] (ur_description) StderrLine: {'line': b'\x1b[0m\n'}
[0.192217] (ur_description) StdoutLine: {'line': b'-- Configuring incomplete, errors occurred!\n'}
[0.192261] (ur_description) StdoutLine: {'line': b'See also "/home/dcbothra2204/arm_manip/build/ur_description/CMakeFiles/CMakeOutput.log".\n'}
[0.194018] (ur_description) CommandEnded: {'returncode': 1}
[0.194315] (ur_description) JobEnded: {'identifier': 'ur_description', 'rc': 1}
[0.200004] (-) TimerEvent: {}
[0.204638] (-) EventReactorShutdown: {}
